// Jest Snapshot v1, https://goo.gl/fbAQLP

exports[`it should render table with all greetings 1`] = `
ShallowWrapper {
  "complexSelector": ComplexSelector {
    "buildPredicate": [Function],
    "childrenOfNode": [Function],
    "findWhereUnwrapped": [Function],
  },
  "length": 1,
  "node": <div>
    <table>
        <thead>
            <tr>
                <th>
                    Name
                </th>
                <th>
                    Greeting
                </th>
            </tr>
        </thead>
        <tbody>
            <tr>
                <td>
                    Klaus
                </td>
                <td>
                    Moin moin
                </td>
            </tr>
            <tr>
                <td>
                    Susi
                </td>
                <td>
                    Hello!
                </td>
            </tr>
        </tbody>
    </table>
    <button
        onClick={[Function]}
    >
        Add
    </button>
</div>,
  "nodes": Array [
    <div>
      <table>
            <thead>
                  <tr>
                        <th>
                              Name
                        </th>
                        <th>
                              Greeting
                        </th>
                  </tr>
            </thead>
            <tbody>
                  <tr>
                        <td>
                              Klaus
                        </td>
                        <td>
                              Moin moin
                        </td>
                  </tr>
                  <tr>
                        <td>
                              Susi
                        </td>
                        <td>
                              Hello!
                        </td>
                  </tr>
            </tbody>
      </table>
      <button
            onClick={[Function]}
      >
            Add
      </button>
</div>,
  ],
  "options": Object {},
  "renderer": ReactShallowRenderer {
    "_instance": ShallowComponentWrapper {
      "_calledComponentWillUnmount": false,
      "_compositeType": 2,
      "_context": Object {},
      "_currentElement": <GreetingMaster
        greetings={
                Array [
                        Object {
                          "greeting": "Moin moin",
                          "id": 1,
                          "name": "Klaus",
                        },
                        Object {
                          "greeting": "Hello!",
                          "id": 2,
                          "name": "Susi",
                        },
                      ]
        }
        onAdd={[Function]}
/>,
      "_debugID": 1,
      "_hostContainerInfo": null,
      "_hostParent": null,
      "_instance": StatelessComponent {
        "_reactInternalInstance": [Circular],
        "context": Object {},
        "props": Object {
          "greetings": Array [
            Object {
              "greeting": "Moin moin",
              "id": 1,
              "name": "Klaus",
            },
            Object {
              "greeting": "Hello!",
              "id": 2,
              "name": "Susi",
            },
          ],
          "onAdd": [Function],
        },
        "refs": Object {},
        "state": null,
        "updater": Object {
          "enqueueCallback": [Function],
          "enqueueCallbackInternal": [Function],
          "enqueueElementInternal": [Function],
          "enqueueForceUpdate": [Function],
          "enqueueReplaceState": [Function],
          "enqueueSetState": [Function],
          "isMounted": [Function],
          "validateCallback": [Function],
        },
      },
      "_mountOrder": 1,
      "_pendingCallbacks": null,
      "_pendingElement": null,
      "_pendingForceUpdate": false,
      "_pendingReplaceState": false,
      "_pendingStateQueue": null,
      "_renderedComponent": NoopInternalComponent {
        "_currentElement": <div>
          <table>
                    <thead>
                              <tr>
                                        <th>
                                                  Name
                                        </th>
                                        <th>
                                                  Greeting
                                        </th>
                              </tr>
                    </thead>
                    <tbody>
                              <tr>
                                        <td>
                                                  Klaus
                                        </td>
                                        <td>
                                                  Moin moin
                                        </td>
                              </tr>
                              <tr>
                                        <td>
                                                  Susi
                                        </td>
                                        <td>
                                                  Hello!
                                        </td>
                              </tr>
                    </tbody>
          </table>
          <button
                    onClick={[Function]}
          >
                    Add
          </button>
</div>,
        "_debugID": 2,
        "_renderedOutput": <div>
          <table>
                    <thead>
                              <tr>
                                        <th>
                                                  Name
                                        </th>
                                        <th>
                                                  Greeting
                                        </th>
                              </tr>
                    </thead>
                    <tbody>
                              <tr>
                                        <td>
                                                  Klaus
                                        </td>
                                        <td>
                                                  Moin moin
                                        </td>
                              </tr>
                              <tr>
                                        <td>
                                                  Susi
                                        </td>
                                        <td>
                                                  Hello!
                                        </td>
                              </tr>
                    </tbody>
          </table>
          <button
                    onClick={[Function]}
          >
                    Add
          </button>
</div>,
      },
      "_renderedNodeType": 0,
      "_rootNodeID": 0,
      "_topLevelWrapper": null,
      "_updateBatchNumber": null,
      "_warnedAboutRefsInRender": false,
    },
    "getRenderOutput": [Function],
    "render": [Function],
  },
  "root": [Circular],
  "unrendered": <GreetingMaster
    greetings={
        Array [
            Object {
              "greeting": "Moin moin",
              "id": 1,
              "name": "Klaus",
            },
            Object {
              "greeting": "Hello!",
              "id": 2,
              "name": "Susi",
            },
          ]
    }
    onAdd={[Function]}
/>,
}
`;
